# verilog_nmos.lst - example (absolute paths or iverilog flags)
#/abs/path/to/mioc-top_nmos.v
#/abs/path/to/mioc-replay_nmos.v


./mioc-nor2/src/mioc_nor2_nmos.v
./mioc-nor2/src/mioc_nor2_xilinx.v
./mioc-nor2/src/mioc_nor2_rtl.v
./mioc-nor2/src/testbench.v
./mioc-inv1/src/mioc_inv1_rtl.v
./mioc-inv1/src/mioc_inv1_nmos.v
./mioc-inv1/src/testbench.v
./mioc-inv1/src/mioc_inv1_xilinx.v
./mioc-nand2/src/mioc_nand2_nmos.v
./mioc-nand2/src/mioc_nand2_rtl.v
./mioc-nand2/src/mioc_nand2_xilinx.v
./mioc-nand2/src/testbench.v
./mioc-xnor2/src/mioc_xnor2_xilinx.v
./mioc-xnor2/src/mioc_xnor2_nmos.v
./mioc-xnor2/src/mioc_xnor2_rtl.v
./mioc-xnor2/src/testbench.v
./tics-flop/src/tics_module_name.v
./tics-flop/src/testbench.v
./xilinx/mioc-top/constraints/mioc_flop_xilinx.v
./xilinx/mioc-top/testbench.v
./mioc-top/src/mioc_top_rtl.v
./mioc-top/src/mioc_top_xilinx.v
./mioc-top/src/mioc_top_nmos.v
./mioc-top/tests/test-005/testbench.v
./mioc-top/tests/test-003-ra7-access/testbench.v
./mioc-top/tests/test-004-en245-256refresh/testbench.v
./mioc-top/tests/test-002-memory-access/testbench.v
./mioc-top/tests/test-001-system-reset/testbench.v
./mioc-top/tests/stim-001/mioc_pin_assignments.v
./mioc-top/tests/stim-001/mioc_components.v
./mioc-top/tests/stim-001/testbench.v
./mioc-nor3/src/mioc_nor3_nmos.v
./mioc-nor3/src/testbench.v
./mioc-nor3/src/mioc_nor3_xilinx.v
./mioc-nor3/src/mioc_nor3_rtl.v
./mioc-nand4-nor2/src/mioc_nand4_nor2_rtl.v
./mioc-nand4-nor2/src/mioc_nand4_nor2_nmos.v
./mioc-nand4-nor2/src/mioc_nand4_nor2_xilinx.v
./mioc-nand4-nor2/src/testbench.v
./mioc_replay/mioc_replay.v
./mioc-flop/src/testbench_nmos.v
./mioc-flop/src/mioc_flop_xilinx.v
./mioc-flop/src/mioc_flop_gates.v
./mioc-flop/src/mioc_flop_rtl.v
./mioc-flop/src/testbench_rtl.v
./mioc-flop/src/mioc_flop_nmos.v

